// Jest Snapshot v1, https://goo.gl/fbAQLP

exports[`App renders correctly 1`] = `
<div
  id="app"
>
  <header>
    <router-link
      to="/"
    >
      <h1>
        <span>
          Harvard Art
        </span>
        Musem Explorer
      </h1>
    </router-link>
     
    <ul>
      <li>
        <router-link
          to="/"
        >
          
          Home
      
        </router-link>
      </li>
       
      <li>
        <router-link
          to="/floor/1"
        >
          
         Floor
          <span>
            1
          </span>
        </router-link>
      </li>
       
      <li>
        <router-link
          to="/floor/2"
        >
          
        Floor
          <span>
            2
          </span>
        </router-link>
      </li>
       
      <li>
        <router-link
          to="/floor/3"
        >
          
        Floor
          <span>
            3
          </span>
        </router-link>
      </li>
       
      <li>
        <router-link
          to="/floor/4"
        >
          
        Floor
          <span>
            4
          </span>
        </router-link>
      </li>
    </ul>
  </header>
   
  <router-view />
</div>
`;
